[    1376ms] [WARNING] [GPT] PubAdsService.disableInitialLoad is deprecated, use googletag.setConfig({disableInitialLoad: ...}) instead.
https://goo.gle/gpt-message#170 @ https://securepubads.g.doubleclick.net/pagead/managed/js/gpt/m202609040101/pubads_impl.js:18
[    1527ms] [WARNING] An iframe which has both allow-scripts and allow-same-origin for its sandbox attribute can escape its sandboxing. @ https://js.nagich.co.il/core/5.0.10/accessibility.js:0
[    1531ms] [LOG] %c[IND]%c You are running %c MacOS %c Operating system, %c Chrome %c browser, version: %c 153 color: White; background: #17384c; font-weight: bold; padding: 3px; border-radius:3px 0 0 3px; color: Black; background: #50e590; font-weight: bold; padding: 3px color: White; background: #17384c; font-weight: bold; padding: 3px; color: Black; background: #50e590; font-weight: bold; padding: 3px color: White; background: #17384c; font-weight: bold; padding: 3px; color: Black; background: #50e590; font-weight: bold; padding: 3px color: White; background: #17384c; font-weight: bold; padding: 3px; border-radius:0 3px 3px 0 @ https://js.nagich.co.il/core/5.0.10/accessibility.js:0
[    1531ms] [LOG] %c[IND]%c Version %c5.0.10%c color: White; background: #17384c; font-weight: bold; padding: 3px; border-radius:3px 0 0 3px; color: Black; background: #50e590; font-weight: bold; padding: 3px color: White; background: #17384c; font-weight: bold; padding: 3px; border-radius:0 3px 3px 0  @ https://js.nagich.co.il/core/5.0.10/accessibility.js:0
[    1534ms] [WARNING] Failed to execute 'postMessage' on 'DOMWindow': The target origin provided ('https://026d0377377cd8b328c118938e3ecef9.safeframe.googlesyndication.com') does not match the recipient window's origin ('https://www.yad2.co.il'). @ https://js.nagich.co.il/core/5.0.10/accessibility.js:0
[    1562ms] [ERROR] Failed to load resource: the server responded with a status of 401 (Unauthorized) @ https://gw.yad2.co.il/auth/user/details:0
[    1569ms] [ERROR] Failed to load resource: the server responded with a status of 404 (Not Found) @ https://gw.yad2.co.il/cms-storage/AllHotjarEvents:0
[    1832ms] Unexpected identifier 'ר'
[    1842ms] Unexpected identifier 'ח'
[    1857ms] [ERROR] Failed to load resource: the server responded with a status of 401 (Unauthorized) @ https://gw.yad2.co.il/auth/token/refresh:0
[    1965ms] [WARNING] The `light` root property is deprecated, prefer using `lights` with `flat` light type instead. @ https://www.yad2.co.il/realestate/_next/static/chunks/31tvi48jejzl5.js:0
[    2052ms] [WARNING] [GSI_LOGGER]: Your client application uses one of the Google One Tap prompt UI status methods that may stop functioning when FedCM becomes mandatory. Refer to the migration guide to update your code accordingly and opt-in to FedCM to test your changes. Learn more: https://developers.google.com/identity/gsi/web/guides/fedcm-migration?s=dc#display_moment and https://developers.google.com/identity/gsi/web/guides/fedcm-migration?s=dc#skipped_moment @ https://accounts.google.com/gsi/client:86
[    2054ms] [ERROR] Not signed in with the identity provider. @ https://www.yad2.co.il/realestate/forsale/tel-aviv-area?area=1&city=5000:0
[    2066ms] [WARNING] [Meta Pixel] - Invalid parameter format for currency. Please refer https://developers.facebook.com/docs/meta-pixel/reference/ for valid parameter specifications. @ https://connect.facebook.net/en_US/fbevents.js:201
[   14301ms] [WARNING] Blocked aria-hidden on an element because its descendant retained focus. The focus must not be hidden from assistive technology users. Avoid using aria-hidden on a focused element or its ancestor. Consider using the inert attribute instead, which will also prevent focus. For more details, see the aria-hidden section of the WAI-ARIA specification at https://w3c.github.io/aria/#aria-hidden.
Element with focus: <button.dropdown-module-scss-module__G_HpQq__toggleButton#_R_4mjaap8m_>
Ancestor with aria-hidden: <div#__next> @ https://www.yad2.co.il/realestate/forsale/tel-aviv-area?area=1&city=5000:0
[   14332ms] [ERROR] [GSI_LOGGER]: FedCM get() rejects with AbortError: signal is aborted without reason @ https://accounts.google.com/gsi/client:87
[   49778ms] [ERROR] Failed to load resource: the server responded with a status of 404 (Not Found) @ https://gw.yad2.co.il/realestate-feed/forsale?property=39&page=1:0
[  127390ms] Unexpected identifier 'ן'
[  127399ms] Unexpected identifier 'ר'
